Microchip MPLAB XC8 Compiler V2.32

Linker command line:

-W-3 --edf=C:\Program Files\Microchip\xc8\v2.32\pic\dat\en_msgs.txt -cn \
  -h+dist/default/production\__MOBILE__ROBOT__V3.X.production.sym \
  --cmf=dist/default/production\__MOBILE__ROBOT__V3.X.production.cmf -z \
  -Q16F1947 -oC:\Users\Trung\AppData\Local\Temp\xcAs4c0.4 \
  --defsym=__MPLAB_BUILD=1 \
  -Mdist/default/production/__MOBILE__ROBOT__V3.X.production.map -E1 \
  -ver=XC8 Compiler --acfsm=1493 -ASTACK=02206h-023EFh -pstack=STACK \
  -ACODE=00h-07FFhx8 -ASTRCODE=00h-03FFFh -ASTRING=00h-0FFhx64 \
  -ACONST=00h-0FFhx64 -AENTRY=00h-0FFhx64 -ACOMMON=070h-07Fh \
  -ABANK0=020h-06Fh -ABANK1=0A0h-0EFh -ABANK2=0120h-016Fh \
  -ABANK3=01A0h-01EFh -ABANK4=0220h-026Fh -ABANK5=02A0h-02EFh \
  -ABANK6=0320h-036Fh -ABANK7=03A0h-03EFh -ABANK8=0420h-046Fh \
  -ABANK9=04A0h-04EFh -ABANK10=0520h-056Fh -ABANK11=05A0h-05EFh \
  -ABANK12=0620h-064Fh -ABIGRAM=02000h-023EFh \
  -ARAM=020h-06Fh,0A0h-0EFh,0120h-016Fh,01A0h-01EFh,0220h-026Fh,02A0h-02EFh,0320h-036Fh,03A0h-03EFh,0420h-046Fh,04A0h-04EFh,0520h-056Fh,05A0h-05EFh,0620h-064Fh \
  -AABS1=020h-07Fh,0A0h-0EFh,0120h-016Fh,01A0h-01EFh,0220h-026Fh,02A0h-02EFh,0320h-036Fh,03A0h-03EFh,0420h-046Fh,04A0h-04EFh,0520h-056Fh,05A0h-05EFh,0620h-064Fh \
  -ASFR0=00h-01Fh -ASFR1=080h-09Fh -ASFR2=0100h-011Fh -ASFR3=0180h-019Fh \
  -ASFR4=0200h-021Fh -ASFR5=0280h-029Fh -ASFR6=0300h-031Fh \
  -ASFR7=0380h-039Fh -ASFR8=0400h-041Fh -ASFR9=0480h-049Fh \
  -ASFR10=0500h-051Fh -ASFR11=0580h-059Fh -ASFR12=0600h-061Fh \
  -ASFR13=0680h-06EFh -ASFR14=0700h-076Fh -ASFR15=0780h-07EFh \
  -ASFR16=0800h-086Fh -ASFR17=0880h-08EFh -ASFR18=0900h-096Fh \
  -ASFR19=0980h-09EFh -ASFR20=0A00h-0A6Fh -ASFR21=0A80h-0AEFh \
  -ASFR22=0B00h-0B6Fh -ASFR23=0B80h-0BEFh -ASFR24=0C00h-0C6Fh \
  -ASFR25=0C80h-0CEFh -ASFR26=0D00h-0D6Fh -ASFR27=0D80h-0DEFh \
  -ASFR28=0E00h-0E6Fh -ASFR29=0E80h-0EEFh -ASFR30=0F00h-0F6Fh \
  -ASFR31=0F80h-0FEFh -ACONFIG=08007h-08008h -DCONFIG=2 \
  -AIDLOC=08000h-08003h -DIDLOC=2 -AEEDATA=00h-0FFh/0F000h \
  -peeprom_data=EEDATA -DEEDATA=2 -DCODE=2 -DSTRCODE=2 -DSTRING=2 -DCONST=2 \
  -DENTRY=2 -preset_vec=00h,intentry=04h,init,end_init -ppowerup=CODE \
  -pcinit=CODE -pfunctab=ENTRY -k \
  C:\Users\Trung\AppData\Local\Temp\xcAs4c0.o \
  dist/default/production\__MOBILE__ROBOT__V3.X.production.o 

Object code version is 3.11

Machine type is 16F1947



                Name                               Link     Load   Length Selector   Space Scale
C:\Users\Trung\AppData\Local\Temp\xcAs4c0.o
                end_init                             19       19        2        8       0
                reset_vec                             0        0        2        0       0
                config                             8007     8007        2        0       4
dist/default/production\__MOBILE__ROBOT__V3.X.production.o
                cinit                                1B       1B       44        8       0
                intentry                              4        4       15        8       0
                config                             8007     8007        2        0       4
                text52                             1C22     1C22       8B     3844       0
                text51                             1DC3     1DC3       AC     3B86       0
                text50                                3        3        1        6       0
                text49                             1F1C     1F1C       E4     3E38       0
                text48                             1A21     1A21        D     3442       0
                text47                             1A4B     1A4B       11     3496       0
                text46                             1A2E     1A2E        E     345C       0
                text44                             1288     1288      1B4     2510       0
                text43                             1B4A     1B4A       4F     3694       0
                text42                             1B26     1B26       24     364C       0
                text41                              D7C      D7C      284     1AF8       0
                text40                             1B99     1B99       89     3732       0
                text39                             1E6F     1E6F       AD     3CDE       0
                text38                             1AC4     1AC4       20     3588       0
                text37                             1A5C     1A5C       19     34B8       0
                text36                             1B04     1B04       22     3608       0
                text35                             102D     102D       AD     205A       0
                text34                             1A8E     1A8E       1A     351C       0
                text33                              3ED      3ED      332        8       0
                text32                             1CAD     1CAD       8B     395A       0
                text31                             1A15     1A15        C     342A       0
                text30                              B44      B44      238     1688       0
                text29                             1AE4     1AE4       20     35C8       0
                text28                             1608     1608      1F8     2C10       0
                text27                              935      935      20F     126A       0
                text26                             10DA     10DA      1AE     21B4       0
                text25                             1A3C     1A3C        F     3478       0
                text24                             19A3     19A3        5     3346       0
                text23                             19ED     19ED        A     33DA       0
                text22                             143C     143C      1CC     2878       0
                text21                              83A      83A       FB     1074       0
                text20                             19AE     19AE        9     335C       0
                text19                             19B7     19B7        9     336E       0
                text18                             19C0     19C0        9     3380       0
                text17                             1007     1007       26     200E       0
                text16                             19C9     19C9        9     3392       0
                text15                             19D2     19D2        9     33A4       0
                text14                             19DB     19DB        9     33B6       0
                text13                              7D4      7D4       26        8       0
                text12                             19F7     19F7        A     33EE       0
                text11                             1A01     1A01        A     3402       0
                text10                              801      801        7     1002       0
                text9                               808      808       32     1010       0
                text8                              19E4     19E4        9     33C8       0
                text7                              1AA8     1AA8       1C     3550       0
                text6                              1997     1997        4     332E       0
                text5                              1A75     1A75       19     34EA       0
                text4                              19A8     19A8        6     3350       0
                text3                              1A0B     1A0B        A     3416       0
                text2                               71F      71F       B5        8       0
                text1                                5F       5F      38E        8       0
                maintext                           1D38     1D38       8B     3A70       0
                cstackBANK0                          20       20       34       20       1
                cstackCOMMON                         70       70        E       70       1
                cstackBANK1                          A0       A0       50       A0       1
                cstackBANK2                         142      142       1B      120       1
                cstackBANK6                         320      320       26      320       1
                clrtext                            1001     1001        6     2002       0
                inittext                            7FA      7FA        6        8       0
                dataBANK5                           2DE      2DE        4      2A0       1
                bssBANK5                            2A0      2A0       32      2A0       1
                bssBANK4                            220      220       4D      220       1
                bssBANK3                            1A0      1A0       4F      1A0       1
                dataBANK2                           15D      15D        4      120       1
                bssBANK2                            120      120       22      120       1
                bssBANK0                             54       54        E       20       1
                nvBANK5                             2D2      2D2        C      2A0       1
                nvBANK4                             26D      26D        2      220       1
                nvBANK2                             161      161        2      120       1
                stringtext2                        2020     2020       20     4000       0
                stringtext1                        2000     2000       20     4000       0
                idataBANK5                         199B     199B        4     3336       0
                idataBANK2                         199F     199F        4     333E       0

TOTAL           Name                               Link     Load   Length     Space
        CLASS   STACK          

        CLASS   CODE           
                end_init                             19       19        2         0
                cinit                                1B       1B       44         0
                intentry                              4        4       15         0
                reset_vec                             0        0        2         0
                text52                             1C22     1C22       8B         0
                text51                             1DC3     1DC3       AC         0
                text50                                3        3        1         0
                text49                             1F1C     1F1C       E4         0
                text48                             1A21     1A21        D         0
                text47                             1A4B     1A4B       11         0
                text46                             1A2E     1A2E        E         0
                text44                             1288     1288      1B4         0
                text43                             1B4A     1B4A       4F         0
                text42                             1B26     1B26       24         0
                text41                              D7C      D7C      284         0
                text40                             1B99     1B99       89         0
                text39                             1E6F     1E6F       AD         0
                text38                             1AC4     1AC4       20         0
                text37                             1A5C     1A5C       19         0
                text36                             1B04     1B04       22         0
                text35                             102D     102D       AD         0
                text34                             1A8E     1A8E       1A         0
                text33                              3ED      3ED      332         0
                text32                             1CAD     1CAD       8B         0
                text31                             1A15     1A15        C         0
                text30                              B44      B44      238         0
                text29                             1AE4     1AE4       20         0
                text28                             1608     1608      1F8         0
                text27                              935      935      20F         0
                text26                             10DA     10DA      1AE         0
                text25                             1A3C     1A3C        F         0
                text24                             19A3     19A3        5         0
                text23                             19ED     19ED        A         0
                text22                             143C     143C      1CC         0
                text21                              83A      83A       FB         0
                text20                             19AE     19AE        9         0
                text19                             19B7     19B7        9         0
                text18                             19C0     19C0        9         0
                text17                             1007     1007       26         0
                text16                             19C9     19C9        9         0
                text15                             19D2     19D2        9         0
                text14                             19DB     19DB        9         0
                text13                              7D4      7D4       26         0
                text12                             19F7     19F7        A         0
                text11                             1A01     1A01        A         0
                text10                              801      801        7         0
                text9                               808      808       32         0
                text8                              19E4     19E4        9         0
                text7                              1AA8     1AA8       1C         0
                text6                              1997     1997        4         0
                text5                              1A75     1A75       19         0
                text4                              19A8     19A8        6         0
                text3                              1A0B     1A0B        A         0
                text2                               71F      71F       B5         0
                text1                                5F       5F      38E         0
                maintext                           1D38     1D38       8B         0
                clrtext                            1001     1001        6         0
                inittext                            7FA      7FA        6         0
                idataBANK5                         199B     199B        4         0
                idataBANK2                         199F     199F        4         0

        CLASS   STRCODE        
                stringtext2                        2020     2020       20         0
                stringtext1                        2000     2000       20         0

        CLASS   STRING         

        CLASS   CONST          

        CLASS   ENTRY          

        CLASS   COMMON         
                cstackCOMMON                         70       70        E         1

        CLASS   BANK0          
                cstackBANK0                          20       20       34         1
                bssBANK0                             54       54        E         1

        CLASS   BANK1          
                cstackBANK1                          A0       A0       50         1

        CLASS   BANK2          
                cstackBANK2                         142      142       1B         1
                dataBANK2                           15D      15D        4         1
                bssBANK2                            120      120       22         1
                nvBANK2                             161      161        2         1

        CLASS   BANK3          
                bssBANK3                            1A0      1A0       4F         1

        CLASS   BANK4          
                bssBANK4                            220      220       4D         1
                nvBANK4                             26D      26D        2         1

        CLASS   BANK5          
                dataBANK5                           2DE      2DE        4         1
                bssBANK5                            2A0      2A0       32         1
                nvBANK5                             2D2      2D2        C         1

        CLASS   BANK6          
                cstackBANK6                         320      320       26         1

        CLASS   BANK7          

        CLASS   BANK8          

        CLASS   BANK9          

        CLASS   BANK10         

        CLASS   BANK11         

        CLASS   BANK12         

        CLASS   BIGRAM         

        CLASS   RAM            

        CLASS   ABS1           
                abs_s1                               7E       7E        2         1

        CLASS   SFR0           

        CLASS   SFR1           

        CLASS   SFR2           

        CLASS   SFR3           

        CLASS   SFR4           

        CLASS   SFR5           

        CLASS   SFR6           

        CLASS   SFR7           

        CLASS   SFR8           

        CLASS   SFR9           

        CLASS   SFR10          

        CLASS   SFR11          

        CLASS   SFR12          

        CLASS   SFR13          

        CLASS   SFR14          

        CLASS   SFR15          

        CLASS   SFR16          

        CLASS   SFR17          

        CLASS   SFR18          

        CLASS   SFR19          

        CLASS   SFR20          

        CLASS   SFR21          

        CLASS   SFR22          

        CLASS   SFR23          

        CLASS   SFR24          

        CLASS   SFR25          

        CLASS   SFR26          

        CLASS   SFR27          

        CLASS   SFR28          

        CLASS   SFR29          

        CLASS   SFR30          

        CLASS   SFR31          

        CLASS   CONFIG         
                config                             8007     8007        2         4

        CLASS   IDLOC          

        CLASS   EEDATA         

        CLASS   BANK31         

        CLASS   BANK30         

        CLASS   BANK29         

        CLASS   BANK28         

        CLASS   BANK27         

        CLASS   BANK26         

        CLASS   BANK25         

        CLASS   BANK24         

        CLASS   BANK23         

        CLASS   BANK22         

        CLASS   BANK21         

        CLASS   BANK20         

        CLASS   BANK19         

        CLASS   BANK18         

        CLASS   BANK17         

        CLASS   BANK16         

        CLASS   BANK15         

        CLASS   BANK14         

        CLASS   BANK13         



SEGMENTS        Name                           Load    Length   Top    Selector   Space  Class     Delta

                reset_vec                      000000  000002  000002         0       0  CODE        2
                text50                         000003  000001  000004         6       0  CODE        2
                intentry                       000004  0007FC  000800         8       0  CODE        2
                cstackBANK0                    000020  000042  000062        20       1  BANK0       1
                cstackCOMMON                   000070  00000E  00007E        70       1  COMMON      1
                cstackBANK1                    0000A0  000050  0000F0        A0       1  BANK1       1
                bssBANK2                       000120  000043  000163       120       1  BANK2       1
                bssBANK3                       0001A0  00004F  0001EF       1A0       1  BANK3       1
                bssBANK4                       000220  00004F  00026F       220       1  BANK4       1
                bssBANK5                       0002A0  000042  0002E2       2A0       1  BANK5       1
                cstackBANK6                    000320  000026  000346       320       1  BANK6       1
                text10                         000801  000007  000808      1002       0  CODE        2
                text9                          000808  000032  00083A      1010       0  CODE        2
                text21                         00083A  0000FB  000935      1074       0  CODE        2
                text27                         000935  00020F  000B44      126A       0  CODE        2
                text30                         000B44  000238  000D7C      1688       0  CODE        2
                text41                         000D7C  000284  001000      1AF8       0  CODE        2
                clrtext                        001001  000006  001007      2002       0  CODE        2
                text17                         001007  000026  00102D      200E       0  CODE        2
                text35                         00102D  0000AD  0010DA      205A       0  CODE        2
                text26                         0010DA  0001AE  001288      21B4       0  CODE        2
                text44                         001288  0001B4  00143C      2510       0  CODE        2
                text22                         00143C  0001CC  001608      2878       0  CODE        2
                text28                         001608  0001F8  001800      2C10       0  CODE        2
                text6                          001997  000004  00199B      332E       0  CODE        2
                idataBANK5                     00199B  000004  00199F      3336       0  CODE        2
                idataBANK2                     00199F  000004  0019A3      333E       0  CODE        2
                text24                         0019A3  000005  0019A8      3346       0  CODE        2
                text4                          0019A8  000006  0019AE      3350       0  CODE        2
                text20                         0019AE  000009  0019B7      335C       0  CODE        2
                text19                         0019B7  000009  0019C0      336E       0  CODE        2
                text18                         0019C0  000009  0019C9      3380       0  CODE        2
                text16                         0019C9  000009  0019D2      3392       0  CODE        2
                text15                         0019D2  000009  0019DB      33A4       0  CODE        2
                text14                         0019DB  000009  0019E4      33B6       0  CODE        2
                text8                          0019E4  000009  0019ED      33C8       0  CODE        2
                text23                         0019ED  00000A  0019F7      33DA       0  CODE        2
                text12                         0019F7  00000A  001A01      33EE       0  CODE        2
                text11                         001A01  00000A  001A0B      3402       0  CODE        2
                text3                          001A0B  00000A  001A15      3416       0  CODE        2
                text31                         001A15  00000C  001A21      342A       0  CODE        2
                text48                         001A21  00000D  001A2E      3442       0  CODE        2
                text46                         001A2E  00000E  001A3C      345C       0  CODE        2
                text25                         001A3C  00000F  001A4B      3478       0  CODE        2
                text47                         001A4B  000011  001A5C      3496       0  CODE        2
                text37                         001A5C  000019  001A75      34B8       0  CODE        2
                text5                          001A75  000019  001A8E      34EA       0  CODE        2
                text34                         001A8E  00001A  001AA8      351C       0  CODE        2
                text7                          001AA8  00001C  001AC4      3550       0  CODE        2
                text38                         001AC4  000020  001AE4      3588       0  CODE        2
                text29                         001AE4  000020  001B04      35C8       0  CODE        2
                text36                         001B04  000022  001B26      3608       0  CODE        2
                text42                         001B26  000024  001B4A      364C       0  CODE        2
                text43                         001B4A  00004F  001B99      3694       0  CODE        2
                text40                         001B99  000089  001C22      3732       0  CODE        2
                text52                         001C22  00008B  001CAD      3844       0  CODE        2
                text32                         001CAD  00008B  001D38      395A       0  CODE        2
                maintext                       001D38  00008B  001DC3      3A70       0  CODE        2
                text51                         001DC3  0000AC  001E6F      3B86       0  CODE        2
                text39                         001E6F  0000AD  001F1C      3CDE       0  CODE        2
                text49                         001F1C  0000E4  002000      3E38       0  CODE        2
                stringtext1                    002000  000040  002040      4000       0  STRCODE     2


UNUSED ADDRESS RANGES

        Name                Unused          Largest block    Delta
        BANK0            00062-0006F               E           1
        BANK10           00520-0056F              50           1
        BANK11           005A0-005EF              50           1
        BANK12           00620-0064F              30           1
        BANK2            00163-0016F               D           1
        BANK3            001EF-001EF               1           1
        BANK4            0026F-0026F               1           1
        BANK5            002E2-002EF               E           1
        BANK6            00346-0036F              2A           1
        BANK7            003A0-003EF              50           1
        BANK8            00420-0046F              50           1
        BANK9            004A0-004EF              50           1
        BIGRAM           02000-023EF             3F0           1
        CODE             00002-00002               1           2
                         00800-00800               1
                         01000-01000               1
                         01800-01996             197
                         02040-03FFF             800
        CONST            00002-00002               1           2
                         00800-00800               1
                         01000-01000               1
                         01800-01996             100
                         02040-03FFF             100
        EEDATA           0F000-0F0FF             100           2
        ENTRY            00002-00002               1           2
                         00800-00800               1
                         01000-01000               1
                         01800-01996             100
                         02040-03FFF             100
        IDLOC            08000-08003               4           2
        RAM              00062-0006F               E           1
                         00163-0016F               D
                         001EF-001EF               1
                         0026F-0026F               1
                         002E2-002EF               E
                         00346-0036F              2A
                         003A0-003EF              50
                         00420-0046F              50
                         004A0-004EF              50
                         00520-0056F              50
                         005A0-005EF              50
                         00620-0064F              30
        SFR0             00000-0001F              20           1
        SFR1             00080-0009F              20           1
        SFR10            00500-0051F              20           1
        SFR11            00580-0059F              20           1
        SFR12            00600-0061F              20           1
        SFR13            00680-006EF              70           1
        SFR14            00700-0076F              70           1
        SFR15            00780-007EF              70           1
        SFR16            00800-0086F              70           1
        SFR17            00880-008EF              70           1
        SFR18            00900-0096F              70           1
        SFR19            00980-009EF              70           1
        SFR2             00100-0011F              20           1
        SFR20            00A00-00A6F              70           1
        SFR21            00A80-00AEF              70           1
        SFR22            00B00-00B6F              70           1
        SFR23            00B80-00BEF              70           1
        SFR24            00C00-00C6F              70           1
        SFR25            00C80-00CEF              70           1
        SFR26            00D00-00D6F              70           1
        SFR27            00D80-00DEF              70           1
        SFR28            00E00-00E6F              70           1
        SFR29            00E80-00EEF              70           1
        SFR3             00180-0019F              20           1
        SFR30            00F00-00F6F              70           1
        SFR31            00F80-00FEF              70           1
        SFR4             00200-0021F              20           1
        SFR5             00280-0029F              20           1
        SFR6             00300-0031F              20           1
        SFR7             00380-0039F              20           1
        SFR8             00400-0041F              20           1
        SFR9             00480-0049F              20           1
        STACK            02206-023EF             1EA           1
        STRCODE          00002-00002               1           2
                         00800-00800               1
                         01000-01000               1
                         01800-01996             197
                         02040-03FFF            1FC0
        STRING           00002-00002               1           2
                         00800-00800               1
                         01000-01000               1
                         01800-01996             100
                         02040-03FFF             100

                                  Symbol Table

?__Umul8_16                                       cstackBANK0  0002E
?___fladd                                         cstackBANK1  000D4
?___fldiv                                         cstackBANK1  000BA
?___flmul                                         cstackBANK1  000A0
?___flneg                                         cstackBANK0  0002E
?___flsub                                         cstackBANK1  000E8
?___fltol                                         cstackBANK1  000E8
?___wmul                                          cstackBANK0  0002E
?___xxtofl                                        cstackBANK0  00043
?_atoi                                            cstackBANK0  00034
?_isdigit                                         cstackBANK0  0002E
?_isspace                                         cstackBANK0  0002E
?_strlen                                          cstackBANK0  0002E
?i1___xxtofl                                      cstackCOMMON 00070
AutoCircleHandle@bufferACircle_t                  cstackBANK6  00320
AutoCircleHandle@i                                cstackBANK6  00344
AutoCircleHandle@j                                cstackBANK6  0033C
AutoCircleHandle@j_2319                           cstackBANK6  0033E
AutoCircleHandle@j_2320                           cstackBANK6  00340
AutoCircleHandle@j_2321                           cstackBANK6  00342
AutoLineHandle@bufferALine_t                      cstackBANK1  000A0
AutoLineHandle@i                                  cstackBANK1  000BC
AutoLineHandle@j                                  cstackBANK1  000B4
AutoLineHandle@j_2326                             cstackBANK1  000B6
AutoLineHandle@j_2327                             cstackBANK1  000B8
AutoLineHandle@j_2328                             cstackBANK1  000BA
EUSART1_SetErrorHandler@interruptHandler          cstackBANK0  0002E
EUSART1_SetFramingErrorHandler@interruptHandler   cstackBANK0  0002E
EUSART1_SetOverrunErrorHandler@interruptHandler   cstackBANK0  0002E
EUSART1_Write@txData                              cstackBANK0  0002E
EUSART2_SetErrorHandler@interruptHandler          cstackBANK0  0002E
EUSART2_SetFramingErrorHandler@interruptHandler   cstackBANK0  0002E
EUSART2_SetOverrunErrorHandler@interruptHandler   cstackBANK0  0002E
EUSART2_Write@txData                              cstackBANK0  0002E
KE@OmegaLeft                                      cstackBANK2  0014F
KE@OmegaRight                                     cstackBANK2  00153
KE@Omega_body                                     cstackBANK2  00147
KE@Velocity_body                                  cstackBANK2  0014B
ManualHandle@bufferManual_t                       cstackBANK1  000A0
ManualHandle@i                                    cstackBANK1  000B8
ManualHandle@j                                    cstackBANK1  000B4
ManualHandle@j_2313                               cstackBANK1  000B6
TMR1_SetInterruptHandler@InterruptHandler         cstackBANK0  0002E
TMR1_WriteTimer@timerVal                          cstackCOMMON 00070
TimeLapseControl@i                                cstackBANK1  000EE
TimeLapseHandle@bufferCamera_t                    cstackBANK6  00320
TimeLapseHandle@i                                 cstackBANK6  00344
TimeLapseHandle@j                                 cstackBANK6  0033C
TimeLapseHandle@j_2335                            cstackBANK6  0033E
TimeLapseHandle@j_2336                            cstackBANK6  00340
TimeLapseHandle@j_2337                            cstackBANK6  00342
_ANSELA                                           (abs)        0018C
_ANSELE                                           (abs)        00190
_ANSELF                                           (abs)        0040C
_ANSELG                                           (abs)        0040D
_APFCON                                           (abs)        0011D
_AutoCircleHandle                                 text33       003ED
_AutoCircleHandle$3252                            cstackBANK6  00334
_AutoCircleHandle$3253                            cstackBANK6  00338
_AutoLineControl                                  text27       00935
_AutoLineControl$3254                             cstackBANK2  00157
_AutoLineHandle                                   text26       010DA
_BAUD1CON                                         (abs)        0019F
_BAUD2CON                                         (abs)        00497
_BORCON                                           (abs)        00116
_DistanceValueBottom                              bssBANK4     00269
_DistanceValueTop                                 bssBANK3     001D9
_EUSART1_DefaultErrorHandler                      (abs)        00000
_EUSART1_DefaultFramingErrorHandler               (abs)        00000
_EUSART1_DefaultOverrunErrorHandler               (abs)        00000
_EUSART1_ErrorHandler                             nvBANK5      002D8
_EUSART1_FramingErrorHandler                      nvBANK5      002DC
_EUSART1_Initialize                               text17       01007
_EUSART1_OverrunErrorHandler                      nvBANK5      002DA
_EUSART1_Read                                     text25       01A3C
_EUSART1_SetErrorHandler                          text20       019AE
_EUSART1_SetFramingErrorHandler                   text19       019B7
_EUSART1_SetOverrunErrorHandler                   text18       019C0
_EUSART1_Write                                    text3        01A0B
_EUSART1_is_rx_ready                              text24       019A3
_EUSART2_DefaultErrorHandler                      (abs)        00000
_EUSART2_DefaultFramingErrorHandler               (abs)        00000
_EUSART2_DefaultOverrunErrorHandler               (abs)        00000
_EUSART2_ErrorHandler                             nvBANK5      002D2
_EUSART2_FramingErrorHandler                      nvBANK5      002D6
_EUSART2_Initialize                               text13       007D4
_EUSART2_OverrunErrorHandler                      nvBANK5      002D4
_EUSART2_SetErrorHandler                          text16       019C9
_EUSART2_SetFramingErrorHandler                   text15       019D2
_EUSART2_SetOverrunErrorHandler                   text14       019DB
_EUSART2_Write                                    text23       019ED
_I2C1_CallbackReturnReset                         (abs)        00000
_I2C1_CallbackReturnStop                          (abs)        00000
_I2C1_DO_ADDRESS_NACK                             (abs)        00000
_I2C1_DO_IDLE                                     (abs)        00000
_I2C1_DO_RCEN                                     (abs)        00000
_I2C1_DO_RESET                                    (abs)        00000
_I2C1_DO_RX                                       (abs)        00000
_I2C1_DO_RX_ACK                                   (abs)        00000
_I2C1_DO_RX_NACK_RESTART                          (abs)        00000
_I2C1_DO_RX_NACK_STOP                             (abs)        00000
_I2C1_DO_SEND_ADR_READ                            (abs)        00000
_I2C1_DO_SEND_ADR_WRITE                           (abs)        00000
_I2C1_DO_SEND_RESTART                             (abs)        00000
_I2C1_DO_SEND_RESTART_READ                        (abs)        00000
_I2C1_DO_SEND_RESTART_WRITE                       (abs)        00000
_I2C1_DO_SEND_STOP                                (abs)        00000
_I2C1_DO_TX                                       (abs)        00000
_I2C1_DO_TX_EMPTY                                 (abs)        00000
_I2C1_Initialize                                  text12       019F7
_I2C1_Status                                      bssBANK3     001A0
_I2C2_CallbackReturnReset                         (abs)        00000
_I2C2_CallbackReturnStop                          (abs)        00000
_I2C2_DO_ADDRESS_NACK                             (abs)        00000
_I2C2_DO_IDLE                                     (abs)        00000
_I2C2_DO_RCEN                                     (abs)        00000
_I2C2_DO_RESET                                    (abs)        00000
_I2C2_DO_RX                                       (abs)        00000
_I2C2_DO_RX_ACK                                   (abs)        00000
_I2C2_DO_RX_NACK_RESTART                          (abs)        00000
_I2C2_DO_RX_NACK_STOP                             (abs)        00000
_I2C2_DO_SEND_ADR_READ                            (abs)        00000
_I2C2_DO_SEND_ADR_WRITE                           (abs)        00000
_I2C2_DO_SEND_RESTART                             (abs)        00000
_I2C2_DO_SEND_RESTART_READ                        (abs)        00000
_I2C2_DO_SEND_RESTART_WRITE                       (abs)        00000
_I2C2_DO_SEND_STOP                                (abs)        00000
_I2C2_DO_TX                                       (abs)        00000
_I2C2_DO_TX_EMPTY                                 (abs)        00000
_I2C2_Initialize                                  text11       01A01
_I2C2_Status                                      bssBANK4     00220
_INTCONbits                                       (abs)        0000B
_INTERRUPT_InterruptManager                       intentry     00004
_KE                                               text28       01608
_LATA                                             (abs)        0010C
_LATB                                             (abs)        0010D
_LATC                                             (abs)        0010E
_LATCbits                                         (abs)        0010E
_LATD                                             (abs)        0010F
_LATE                                             (abs)        00110
_LATF                                             (abs)        0038C
_LATFbits                                         (abs)        0038C
_LATG                                             (abs)        0038D
_ManualControl                                    text22       0143C
_ManualHandle                                     text21       0083A
_OPTION_REGbits                                   (abs)        00095
_OSCCON                                           (abs)        00099
_OSCILLATOR_Initialize                            text10       00801
_OSCTUNE                                          (abs)        00098
_PID_Omega                                        bssBANK2     00128
_PIE1bits                                         (abs)        00091
_PIE4bits                                         (abs)        00094
_PIN_MANAGER_Initialize                           text9        00808
_PIR1bits                                         (abs)        00011
_PIR2bits                                         (abs)        00012
_PIR4bits                                         (abs)        00014
_RC1REG                                           (abs)        00199
_RC1STA                                           (abs)        0019D
_RC1STAbits                                       (abs)        0019D
_RC2REG                                           (abs)        00491
_RC2STA                                           (abs)        00495
_RC2STAbits                                       (abs)        00495
_SP1BRGH                                          (abs)        0019C
_SP1BRGL                                          (abs)        0019B
_SP2BRGH                                          (abs)        00494
_SP2BRGL                                          (abs)        00493
_SSP1ADD                                          (abs)        00212
_SSP1BUF                                          (abs)        00211
_SSP1CON1                                         (abs)        00215
_SSP1CON1bits                                     (abs)        00215
_SSP1CON2                                         (abs)        00216
_SSP1CON2bits                                     (abs)        00216
_SSP1STAT                                         (abs)        00214
_SSP1STATbits                                     (abs)        00214
_SSP2ADD                                          (abs)        0021A
_SSP2BUF                                          (abs)        00219
_SSP2CON1                                         (abs)        0021D
_SSP2CON1bits                                     (abs)        0021D
_SSP2CON2                                         (abs)        0021E
_SSP2CON2bits                                     (abs)        0021E
_SSP2STAT                                         (abs)        0021C
_SSP2STATbits                                     (abs)        0021C
_SYSTEM_Initialize                                text5        01A75
_SetUpModeHalf_step                               text4        019A8
_T1CON                                            (abs)        00018
_T1CONbits                                        (abs)        00018
_T1GCON                                           (abs)        00019
_T1GCONbits                                       (abs)        00019
_T1_ROBOT_ISR                                     text49       01F1C
_TMR1H                                            (abs)        00017
_TMR1L                                            (abs)        00016
_TMR1_CallBack                                    text48       01A21
_TMR1_DefaultInterruptHandler                     text50       00003
_TMR1_ISR                                         text46       01A2E
_TMR1_Initialize                                  text7        01AA8
_TMR1_InterruptHandler                            nvBANK4      0026D
_TMR1_SetInterruptHandler                         text8        019E4
_TMR1_WriteTimer                                  text47       01A4B
_TRISA                                            (abs)        0008C
_TRISB                                            (abs)        0008D
_TRISC                                            (abs)        0008E
_TRISD                                            (abs)        0008F
_TRISE                                            (abs)        00090
_TRISF                                            (abs)        0030C
_TRISG                                            (abs)        0030D
_TX1REG                                           (abs)        0019A
_TX1STA                                           (abs)        0019E
_TX1STAbits                                       (abs)        0019E
_TX2REG                                           (abs)        00492
_TX2STA                                           (abs)        00496
_TX2STAbits                                       (abs)        00496
_TimeLapseControl                                 text2        0071F
_TimeLapseHandle                                  text1        0005F
_TimeLapseHandle$3255                             cstackBANK6  00338
_TimeLapseHandle$3256                             cstackBANK6  00334
_WDTCON                                           (abs)        00097
_WDT_Initialize                                   text6        01997
_WPUB                                             (abs)        0020D
_WPUG                                             (abs)        0048D
__Habs1                                           abs1         00000
__Hbank0                                          bank0        00000
__Hbank1                                          bank1        00000
__Hbank10                                         bank10       00000
__Hbank11                                         bank11       00000
__Hbank12                                         bank12       00000
__Hbank13                                         bank13       00000
__Hbank14                                         bank14       00000
__Hbank15                                         bank15       00000
__Hbank16                                         bank16       00000
__Hbank17                                         bank17       00000
__Hbank18                                         bank18       00000
__Hbank19                                         bank19       00000
__Hbank2                                          bank2        00000
__Hbank20                                         bank20       00000
__Hbank21                                         bank21       00000
__Hbank22                                         bank22       00000
__Hbank23                                         bank23       00000
__Hbank24                                         bank24       00000
__Hbank25                                         bank25       00000
__Hbank26                                         bank26       00000
__Hbank27                                         bank27       00000
__Hbank28                                         bank28       00000
__Hbank29                                         bank29       00000
__Hbank3                                          bank3        00000
__Hbank30                                         bank30       00000
__Hbank31                                         bank31       00000
__Hbank4                                          bank4        00000
__Hbank5                                          bank5        00000
__Hbank6                                          bank6        00000
__Hbank7                                          bank7        00000
__Hbank8                                          bank8        00000
__Hbank9                                          bank9        00000
__Hbigram                                         bigram       00000
__HbssBANK0                                       bssBANK0     00000
__HbssBANK2                                       bssBANK2     00000
__HbssBANK3                                       bssBANK3     00000
__HbssBANK4                                       bssBANK4     00000
__HbssBANK5                                       bssBANK5     00000
__Hcinit                                          cinit        0005F
__Hclrtext                                        clrtext      00000
__Hcode                                           code         00000
__Hcommon                                         common       00000
__Hconfig                                         config       08009
__HcstackBANK0                                    cstackBANK0  00000
__HcstackBANK1                                    cstackBANK1  00000
__HcstackBANK2                                    cstackBANK2  00000
__HcstackBANK6                                    cstackBANK6  00000
__HcstackCOMMON                                   cstackCOMMON 00000
__HdataBANK2                                      dataBANK2    00000
__HdataBANK5                                      dataBANK5    00000
__Heeprom_data                                    eeprom_data  00000
__Hend_init                                       end_init     0001B
__Hfunctab                                        functab      00000
__HidataBANK2                                     idataBANK2   00000
__HidataBANK5                                     idataBANK5   00000
__Hinit                                           init         00019
__Hinittext                                       inittext     00000
__Hintentry                                       intentry     00019
__Hmaintext                                       maintext     00000
__HnvBANK2                                        nvBANK2      00000
__HnvBANK4                                        nvBANK4      00000
__HnvBANK5                                        nvBANK5      00000
__Hpowerup                                        powerup      00000
__Hram                                            ram          00000
__Hreset_vec                                      reset_vec    00002
__Hsfr0                                           sfr0         00000
__Hsfr1                                           sfr1         00000
__Hsfr10                                          sfr10        00000
__Hsfr11                                          sfr11        00000
__Hsfr12                                          sfr12        00000
__Hsfr13                                          sfr13        00000
__Hsfr14                                          sfr14        00000
__Hsfr15                                          sfr15        00000
__Hsfr16                                          sfr16        00000
__Hsfr17                                          sfr17        00000
__Hsfr18                                          sfr18        00000
__Hsfr19                                          sfr19        00000
__Hsfr2                                           sfr2         00000
__Hsfr20                                          sfr20        00000
__Hsfr21                                          sfr21        00000
__Hsfr22                                          sfr22        00000
__Hsfr23                                          sfr23        00000
__Hsfr24                                          sfr24        00000
__Hsfr25                                          sfr25        00000
__Hsfr26                                          sfr26        00000
__Hsfr27                                          sfr27        00000
__Hsfr28                                          sfr28        00000
__Hsfr29                                          sfr29        00000
__Hsfr3                                           sfr3         00000
__Hsfr30                                          sfr30        00000
__Hsfr31                                          sfr31        00000
__Hsfr4                                           sfr4         00000
__Hsfr5                                           sfr5         00000
__Hsfr6                                           sfr6         00000
__Hsfr7                                           sfr7         00000
__Hsfr8                                           sfr8         00000
__Hsfr9                                           sfr9         00000
__Hspace_0                                        (abs)        02040
__Hspace_1                                        (abs)        00346
__Hspace_2                                        (abs)        00000
__Hspace_3                                        (abs)        00000
__Hspace_4                                        (abs)        10010
__Hstack                                          stack        00000
__Hstrings                                        strings      00000
__Hstringtext1                                    stringtext1  00000
__Hstringtext2                                    stringtext2  00000
__Htext                                           text         00000
__Labs1                                           abs1         00000
__Lbank0                                          bank0        00000
__Lbank1                                          bank1        00000
__Lbank10                                         bank10       00000
__Lbank11                                         bank11       00000
__Lbank12                                         bank12       00000
__Lbank13                                         bank13       00000
__Lbank14                                         bank14       00000
__Lbank15                                         bank15       00000
__Lbank16                                         bank16       00000
__Lbank17                                         bank17       00000
__Lbank18                                         bank18       00000
__Lbank19                                         bank19       00000
__Lbank2                                          bank2        00000
__Lbank20                                         bank20       00000
__Lbank21                                         bank21       00000
__Lbank22                                         bank22       00000
__Lbank23                                         bank23       00000
__Lbank24                                         bank24       00000
__Lbank25                                         bank25       00000
__Lbank26                                         bank26       00000
__Lbank27                                         bank27       00000
__Lbank28                                         bank28       00000
__Lbank29                                         bank29       00000
__Lbank3                                          bank3        00000
__Lbank30                                         bank30       00000
__Lbank31                                         bank31       00000
__Lbank4                                          bank4        00000
__Lbank5                                          bank5        00000
__Lbank6                                          bank6        00000
__Lbank7                                          bank7        00000
__Lbank8                                          bank8        00000
__Lbank9                                          bank9        00000
__Lbigram                                         bigram       00000
__LbssBANK0                                       bssBANK0     00000
__LbssBANK2                                       bssBANK2     00000
__LbssBANK3                                       bssBANK3     00000
__LbssBANK4                                       bssBANK4     00000
__LbssBANK5                                       bssBANK5     00000
__Lcinit                                          cinit        0001B
__Lclrtext                                        clrtext      00000
__Lcode                                           code         00000
__Lcommon                                         common       00000
__Lconfig                                         config       00000
__LcstackBANK0                                    cstackBANK0  00000
__LcstackBANK1                                    cstackBANK1  00000
__LcstackBANK2                                    cstackBANK2  00000
__LcstackBANK6                                    cstackBANK6  00000
__LcstackCOMMON                                   cstackCOMMON 00000
__LdataBANK2                                      dataBANK2    00000
__LdataBANK5                                      dataBANK5    00000
__Leeprom_data                                    eeprom_data  00000
__Lend_init                                       end_init     00019
__Lfunctab                                        functab      00000
__LidataBANK2                                     idataBANK2   00000
__LidataBANK5                                     idataBANK5   00000
__Linit                                           init         00019
__Linittext                                       inittext     00000
__Lintentry                                       intentry     00004
__Lmaintext                                       maintext     00000
__LnvBANK2                                        nvBANK2      00000
__LnvBANK4                                        nvBANK4      00000
__LnvBANK5                                        nvBANK5      00000
__Lpowerup                                        powerup      00000
__Lram                                            ram          00000
__Lreset_vec                                      reset_vec    00000
__Lsfr0                                           sfr0         00000
__Lsfr1                                           sfr1         00000
__Lsfr10                                          sfr10        00000
__Lsfr11                                          sfr11        00000
__Lsfr12                                          sfr12        00000
__Lsfr13                                          sfr13        00000
__Lsfr14                                          sfr14        00000
__Lsfr15                                          sfr15        00000
__Lsfr16                                          sfr16        00000
__Lsfr17                                          sfr17        00000
__Lsfr18                                          sfr18        00000
__Lsfr19                                          sfr19        00000
__Lsfr2                                           sfr2         00000
__Lsfr20                                          sfr20        00000
__Lsfr21                                          sfr21        00000
__Lsfr22                                          sfr22        00000
__Lsfr23                                          sfr23        00000
__Lsfr24                                          sfr24        00000
__Lsfr25                                          sfr25        00000
__Lsfr26                                          sfr26        00000
__Lsfr27                                          sfr27        00000
__Lsfr28                                          sfr28        00000
__Lsfr29                                          sfr29        00000
__Lsfr3                                           sfr3         00000
__Lsfr30                                          sfr30        00000
__Lsfr31                                          sfr31        00000
__Lsfr4                                           sfr4         00000
__Lsfr5                                           sfr5         00000
__Lsfr6                                           sfr6         00000
__Lsfr7                                           sfr7         00000
__Lsfr8                                           sfr8         00000
__Lsfr9                                           sfr9         00000
__Lspace_0                                        (abs)        00000
__Lspace_1                                        (abs)        00000
__Lspace_2                                        (abs)        00000
__Lspace_3                                        (abs)        00000
__Lspace_4                                        (abs)        00000
__Lstack                                          stack        00000
__Lstrings                                        strings      00000
__Lstringtext1                                    stringtext1  00000
__Lstringtext2                                    stringtext2  00000
__Ltext                                           text         00000
__S0                                              (abs)        02040
__S1                                              (abs)        00346
__S2                                              (abs)        00000
__S3                                              (abs)        00000
__Umul8_16                                        text42       01B26
__Umul8_16@multiplicand                           cstackBANK0  0002E
__Umul8_16@multiplier                             cstackBANK0  00036
__Umul8_16@product                                cstackBANK0  00032
__Umul8_16@word_mpld                              cstackBANK0  00034
___fladd                                          text30       00B44
___fladd@a                                        cstackBANK1  000D8
___fladd@aexp                                     cstackBANK1  000E5
___fladd@b                                        cstackBANK1  000D4
___fladd@bexp                                     cstackBANK1  000E6
___fladd@grs                                      cstackBANK1  000E7
___fladd@signs                                    cstackBANK1  000E4
___fldiv                                          text44       01288
___fldiv@a                                        cstackBANK1  000BA
___fldiv@aexp                                     cstackBANK1  000D3
___fldiv@b                                        cstackBANK1  000BE
___fldiv@bexp                                     cstackBANK1  000D2
___fldiv@grs                                      cstackBANK1  000CE
___fldiv@new_exp                                  cstackBANK1  000CC
___fldiv@rem                                      cstackBANK1  000C7
___fldiv@sign                                     cstackBANK1  000CB
___fleq                                           text43       01B4A
___fleq@ff1                                       cstackBANK1  000A0
___fleq@ff2                                       cstackBANK1  000A4
___flge                                           text32       01CAD
___flge@ff1                                       cstackBANK0  0002E
___flge@ff2                                       cstackBANK0  00032
___flmul                                          text41       00D7C
___flmul@a                                        cstackBANK1  000A4
___flmul@aexp                                     cstackBANK1  000AE
___flmul@b                                        cstackBANK1  000A0
___flmul@bexp                                     cstackBANK1  000B3
___flmul@grs                                      cstackBANK1  000AF
___flmul@prod                                     cstackBANK1  000B4
___flmul@sign                                     cstackBANK1  000AD
___flmul@temp                                     cstackBANK1  000B8
___flneg                                          text31       01A15
___flneg@f1                                       cstackBANK0  0002E
___flsub                                          text29       01AE4
___flsub@a                                        cstackBANK1  000E8
___flsub@b                                        cstackBANK1  000EC
___fltol                                          text40       01B99
___fltol@exp1                                     cstackBANK0  00052
___fltol@f1                                       cstackBANK1  000E8
___fltol@sign1                                    cstackBANK0  00051
___int_sp                                         stack        00000
___latbits                                        (abs)        00003
___sp                                             stack        00000
___stackhi                                        (abs)        023EF
___stacklo                                        (abs)        02206
___wmul                                           text38       01AC4
___wmul@multiplicand                              cstackBANK0  00030
___wmul@multiplier                                cstackBANK0  0002E
___wmul@product                                   cstackBANK0  00032
___xxtofl                                         text39       01E6F
___xxtofl@arg                                     cstackBANK0  0004D
___xxtofl@exp                                     cstackBANK0  0004C
___xxtofl@sign                                    cstackBANK0  0004B
___xxtofl@val                                     cstackBANK0  00043
__end_of_AutoCircleHandle                         text33       0071F
__end_of_AutoLineControl                          text27       00B44
__end_of_AutoLineHandle                           text26       01288
__end_of_EUSART1_Initialize                       text17       0102D
__end_of_EUSART1_Read                             text25       01A4B
__end_of_EUSART1_SetErrorHandler                  text20       019B7
__end_of_EUSART1_SetFramingErrorHandler           text19       019C0
__end_of_EUSART1_SetOverrunErrorHandler           text18       019C9
__end_of_EUSART1_Write                            text3        01A15
__end_of_EUSART1_is_rx_ready                      text24       019A8
__end_of_EUSART2_Initialize                       text13       007FA
__end_of_EUSART2_SetErrorHandler                  text16       019D2
__end_of_EUSART2_SetFramingErrorHandler           text15       019DB
__end_of_EUSART2_SetOverrunErrorHandler           text14       019E4
__end_of_EUSART2_Write                            text23       019F7
__end_of_I2C1_Initialize                          text12       01A01
__end_of_I2C2_Initialize                          text11       01A0B
__end_of_INTERRUPT_InterruptManager               intentry     00019
__end_of_KE                                       text28       01800
__end_of_ManualControl                            text22       01608
__end_of_ManualHandle                             text21       00935
__end_of_OSCILLATOR_Initialize                    text10       00808
__end_of_PIN_MANAGER_Initialize                   text9        0083A
__end_of_SYSTEM_Initialize                        text5        01A8E
__end_of_SetUpModeHalf_step                       text4        019AE
__end_of_T1_ROBOT_ISR                             text49       02000
__end_of_TMR1_CallBack                            text48       01A2E
__end_of_TMR1_DefaultInterruptHandler             text50       00004
__end_of_TMR1_ISR                                 text46       01A3C
__end_of_TMR1_Initialize                          text7        01AC4
__end_of_TMR1_SetInterruptHandler                 text8        019ED
__end_of_TMR1_WriteTimer                          text47       01A5C
__end_of_TimeLapseControl                         text2        007D4
__end_of_TimeLapseHandle                          text1        003ED
__end_of_WDT_Initialize                           text6        0199B
__end_of__Umul8_16                                text42       01B4A
__end_of___fladd                                  text30       00D7C
__end_of___fldiv                                  text44       0143C
__end_of___fleq                                   text43       01B99
__end_of___flge                                   text32       01D38
__end_of___flmul                                  text41       01000
__end_of___flneg                                  text31       01A21
__end_of___flsub                                  text29       01B04
__end_of___fltol                                  text40       01C22
__end_of___wmul                                   text38       01AE4
__end_of___xxtofl                                 text39       01F1C
__end_of__initialization                          cinit        0005B
__end_of_atoi                                     text35       010DA
__end_of_i2c1_fsmStateTable                       stringtext2  02040
__end_of_i2c2_fsmStateTable                       stringtext1  02020
__end_of_isdigit                                  text37       01A75
__end_of_isspace                                  text36       01B26
__end_of_main                                     maintext     01DC3
__end_of_strlen                                   text34       01AA8
__end_ofi1___flge                                 text52       01CAD
__end_ofi1___xxtofl                               text51       01E6F
__initialization                                  cinit        0001B
__pbssBANK0                                       bssBANK0     00054
__pbssBANK2                                       bssBANK2     00120
__pbssBANK3                                       bssBANK3     001A0
__pbssBANK4                                       bssBANK4     00220
__pbssBANK5                                       bssBANK5     002A0
__pcstackBANK0                                    cstackBANK0  00020
__pcstackBANK1                                    cstackBANK1  000A0
__pcstackBANK2                                    cstackBANK2  00142
__pcstackBANK6                                    cstackBANK6  00320
__pcstackCOMMON                                   cstackCOMMON 00070
__pdataBANK2                                      dataBANK2    0015D
__pdataBANK5                                      dataBANK5    002DE
__pidataBANK2                                     idataBANK2   0199F
__pidataBANK5                                     idataBANK5   0199B
__pintentry                                       intentry     00004
__pmaintext                                       maintext     01D38
__pnvBANK2                                        nvBANK2      00161
__pnvBANK4                                        nvBANK4      0026D
__pnvBANK5                                        nvBANK5      002D2
__pstringtext1                                    stringtext1  02000
__pstringtext2                                    stringtext2  02020
__ptext1                                          text1        0005F
__ptext10                                         text10       00801
__ptext11                                         text11       01A01
__ptext12                                         text12       019F7
__ptext13                                         text13       007D4
__ptext14                                         text14       019DB
__ptext15                                         text15       019D2
__ptext16                                         text16       019C9
__ptext17                                         text17       01007
__ptext18                                         text18       019C0
__ptext19                                         text19       019B7
__ptext2                                          text2        0071F
__ptext20                                         text20       019AE
__ptext21                                         text21       0083A
__ptext22                                         text22       0143C
__ptext23                                         text23       019ED
__ptext24                                         text24       019A3
__ptext25                                         text25       01A3C
__ptext26                                         text26       010DA
__ptext27                                         text27       00935
__ptext28                                         text28       01608
__ptext29                                         text29       01AE4
__ptext3                                          text3        01A0B
__ptext30                                         text30       00B44
__ptext31                                         text31       01A15
__ptext32                                         text32       01CAD
__ptext33                                         text33       003ED
__ptext34                                         text34       01A8E
__ptext35                                         text35       0102D
__ptext36                                         text36       01B04
__ptext37                                         text37       01A5C
__ptext38                                         text38       01AC4
__ptext39                                         text39       01E6F
__ptext4                                          text4        019A8
__ptext40                                         text40       01B99
__ptext41                                         text41       00D7C
__ptext42                                         text42       01B26
__ptext43                                         text43       01B4A
__ptext44                                         text44       01288
__ptext46                                         text46       01A2E
__ptext47                                         text47       01A4B
__ptext48                                         text48       01A21
__ptext49                                         text49       01F1C
__ptext5                                          text5        01A75
__ptext50                                         text50       00003
__ptext51                                         text51       01DC3
__ptext52                                         text52       01C22
__ptext6                                          text6        01997
__ptext7                                          text7        01AA8
__ptext8                                          text8        019E4
__ptext9                                          text9        00808
__size_of_AutoCircleHandle                        (abs)        00000
__size_of_AutoLineControl                         (abs)        00000
__size_of_AutoLineHandle                          (abs)        00000
__size_of_EUSART1_Initialize                      (abs)        00000
__size_of_EUSART1_Read                            (abs)        00000
__size_of_EUSART1_SetErrorHandler                 (abs)        00000
__size_of_EUSART1_SetFramingErrorHandler          (abs)        00000
__size_of_EUSART1_SetOverrunErrorHandler          (abs)        00000
__size_of_EUSART1_Write                           (abs)        00000
__size_of_EUSART1_is_rx_ready                     (abs)        00000
__size_of_EUSART2_Initialize                      (abs)        00000
__size_of_EUSART2_SetErrorHandler                 (abs)        00000
__size_of_EUSART2_SetFramingErrorHandler          (abs)        00000
__size_of_EUSART2_SetOverrunErrorHandler          (abs)        00000
__size_of_EUSART2_Write                           (abs)        00000
__size_of_I2C1_Initialize                         (abs)        00000
__size_of_I2C2_Initialize                         (abs)        00000
__size_of_INTERRUPT_InterruptManager              (abs)        00000
__size_of_KE                                      (abs)        00000
__size_of_ManualControl                           (abs)        00000
__size_of_ManualHandle                            (abs)        00000
__size_of_OSCILLATOR_Initialize                   (abs)        00000
__size_of_PIN_MANAGER_Initialize                  (abs)        00000
__size_of_SYSTEM_Initialize                       (abs)        00000
__size_of_SetUpModeHalf_step                      (abs)        00000
__size_of_T1_ROBOT_ISR                            (abs)        00000
__size_of_TMR1_CallBack                           (abs)        00000
__size_of_TMR1_DefaultInterruptHandler            (abs)        00000
__size_of_TMR1_ISR                                (abs)        00000
__size_of_TMR1_Initialize                         (abs)        00000
__size_of_TMR1_SetInterruptHandler                (abs)        00000
__size_of_TMR1_WriteTimer                         (abs)        00000
__size_of_TimeLapseControl                        (abs)        00000
__size_of_TimeLapseHandle                         (abs)        00000
__size_of_WDT_Initialize                          (abs)        00000
__size_of__Umul8_16                               (abs)        00000
__size_of___fladd                                 (abs)        00000
__size_of___fldiv                                 (abs)        00000
__size_of___fleq                                  (abs)        00000
__size_of___flge                                  (abs)        00000
__size_of___flmul                                 (abs)        00000
__size_of___flneg                                 (abs)        00000
__size_of___flsub                                 (abs)        00000
__size_of___fltol                                 (abs)        00000
__size_of___wmul                                  (abs)        00000
__size_of___xxtofl                                (abs)        00000
__size_of_atoi                                    (abs)        00000
__size_of_isdigit                                 (abs)        00000
__size_of_isspace                                 (abs)        00000
__size_of_main                                    (abs)        00000
__size_of_strlen                                  (abs)        00000
__size_ofi1___flge                                (abs)        00000
__size_ofi1___xxtofl                              (abs)        00000
_angle_ACircle                                    bssBANK3     001DF
_angle_move                                       bssBANK3     001C1
_atoi                                             text35       0102D
_atoi$2826                                        cstackBANK0  0003C
_atoi$2827                                        cstackBANK0  00040
_atoi$2828                                        cstackBANK0  0003E
_buffer_sys                                       bssBANK5     002A0
_cntACircle                                       bssBANK2     00137
_cntALine                                         bssBANK0     0005B
_cntCamera                                        bssBANK2     00136
_cntLeft                                          bssBANK3     001E5
_cntManual                                        bssBANK2     00130
_cntRight                                         bssBANK3     001E3
_cntTime                                          bssBANK2     00132
_cnt_frame                                        bssBANK0     0005A
_cnt_sys                                          bssBANK2     00134
_delay_frame                                      bssBANK3     001DD
_direct_ALine                                     bssBANK0     00060
_distance_raw                                     bssBANK4     00245
_distance_raw_one                                 bssBANK4     0023D
_errorOmega                                       bssBANK2     0013C
_errorOmega_sum                                   bssBANK2     0012C
_eusart1RxLastError                               bssBANK0     0005F
_eusart2RxLastError                               bssBANK2     0013B
_flagACircle                                      bssBANK2     00138
_flagALine                                        bssBANK0     0005C
_flagCamera                                       bssBANK2     00135
_flagManual                                       bssBANK0     0005D
_flag_stop                                        bssBANK0     0005E
_i2c1_fsmStateTable                               stringtext2  02020
_i2c2_fsmStateTable                               stringtext1  02000
_isdigit                                          text37       01A5C
_isspace                                          text36       01B04
_isspace$2844                                     cstackBANK0  00032
_length_ALine                                     bssBANK3     001E1
_main                                             maintext     01D38
_omegaACircle                                     bssBANK4     00261
_omegaALine                                       bssBANK3     001C9
_omegaManual                                      bssBANK3     001D1
_omega_TL                                         bssBANK4     00255
_omega_sys                                        bssBANK4     0024D
_rd1RegCompleteHandler                            (abs)        00000
_rd1RegCompleteHandler@i2c1_master_example$F143   (abs)        00000
_rd1RegCompleteHandler@i2c2_master_example$F254   (abs)        00000
_rd2RegCompleteHandler                            (abs)        00000
_rd2RegCompleteHandler@i2c1_master_example$F154   (abs)        00000
_rd2RegCompleteHandler@i2c2_master_example$F281   (abs)        00000
_rdBlkRegCompleteHandler                          (abs)        00000
_rdBlkRegCompleteHandler@i2c1_master_example$F177 (abs)        00000
_rdBlkRegCompleteHandler@i2c2_master_example$F307 (abs)        00000
_shift                                            bssBANK2     0013A
_shift_one                                        bssBANK2     00139
_strlen                                           text34       01A8E
_sum_frame                                        bssBANK2     00140
_t_left                                           dataBANK2    0015F
_t_right                                          dataBANK2    0015D
_timeACircle                                      bssBANK3     001C5
_timeALine                                        bssBANK2     00124
_time_move                                        bssBANK3     001BD
_timer1ReloadVal                                  nvBANK2      00161
_totalTime                                        bssBANK0     00058
_valRadius_AC                                     bssBANK3     001EB
_valRadius_TL                                     bssBANK3     001E7
_valTime_TL                                       bssBANK4     00259
_valVLength_TL                                    bssBANK4     0025D
_velACircle                                       bssBANK2     00120
_velALine                                         bssBANK3     001CD
_velManual                                        bssBANK0     00054
_velManual_t                                      bssBANK3     001D5
_velocity_sys                                     bssBANK4     00251
_wr1RegCompleteHandler                            (abs)        00000
_wr1RegCompleteHandler@i2c1_master_example$F160   (abs)        00000
_wr1RegCompleteHandler@i2c2_master_example$F287   (abs)        00000
_wr2RegCompleteHandler                            (abs)        00000
_wr2RegCompleteHandler@i2c1_master_example$F166   (abs)        00000
_wr2RegCompleteHandler@i2c2_master_example$F293   (abs)        00000
atoi@n                                            cstackBANK0  00041
atoi@neg                                          cstackBANK0  0003A
atoi@s                                            cstackBANK0  00034
btemp                                             (abs)        0007E
clear_ram0                                        clrtext      01001
end_of_initialization                             cinit        0005B
i1___flge                                         text52       01C22
i1___flge@ff1                                     cstackBANK0  00020
i1___flge@ff2                                     cstackBANK0  00024
i1___xxtofl                                       text51       01DC3
i1___xxtofl@arg                                   cstackCOMMON 0007A
i1___xxtofl@exp                                   cstackCOMMON 00079
i1___xxtofl@sign                                  cstackCOMMON 00078
i1___xxtofl@val                                   cstackCOMMON 00070
init_ram                                          inittext     007FA
int$flags                                         (abs)        0007E
intlevel0                                         functab      00000
intlevel1                                         functab      00000
intlevel2                                         functab      00000
intlevel3                                         functab      00000
intlevel4                                         functab      00000
intlevel5                                         functab      00000
isdigit@c                                         cstackBANK0  0002E
isspace@c                                         cstackBANK0  0002E
reset_vec                                         reset_vec    00000
start                                             init         00019
start_initialization                              cinit        0001B
strlen@a                                          cstackBANK0  00030
strlen@s                                          cstackBANK0  0002E
wtemp0                                            (abs)        0007E


MODULE INFORMATION

Module		Function		Class		Link	Load	Size
C:\Program Files\Microchip\xc8\v2.32\pic\sources\c99\common\isdigit.c
		_isdigit       		CODE           	1A5C	0000	25

C:\Program Files\Microchip\xc8\v2.32\pic\sources\c99\common\isdigit.c estimated size: 25

C:\Program Files\Microchip\xc8\v2.32\pic\sources\c99\common\sprcadd.c
		___flsub       		CODE           	1AE4	0000	32
		___fladd       		CODE           	0B44	0000	568

C:\Program Files\Microchip\xc8\v2.32\pic\sources\c99\common\sprcadd.c estimated size: 600

mcc_generated_files/eusart2.c
		_EUSART2_SetOverrunErrorHandler		CODE           	19DB	0000	9
		_EUSART2_SetErrorHandler		CODE           	19C9	0000	9
		_EUSART2_Write 		CODE           	19ED	0000	10
		_EUSART2_Initialize		CODE           	07D4	0000	38
		_EUSART2_SetFramingErrorHandler		CODE           	19D2	0000	9

mcc_generated_files/eusart2.c estimated size: 75

C:\Program Files\Microchip\xc8\v2.32\pic\sources\c99\common\flneg.c
		___flneg       		CODE           	1A15	0000	12

C:\Program Files\Microchip\xc8\v2.32\pic\sources\c99\common\flneg.c estimated size: 12

mcc_generated_files/i2c1_master.c
		_I2C1_Initialize		CODE           	19F7	0000	10

mcc_generated_files/i2c1_master.c estimated size: 10

mcc_generated_files/interrupt_manager.c
		_INTERRUPT_InterruptManager		CODE           	0004	0000	21

mcc_generated_files/interrupt_manager.c estimated size: 21

mcc_generated_files/pin_manager.c
		_PIN_MANAGER_Initialize		CODE           	0808	0000	50

mcc_generated_files/pin_manager.c estimated size: 50

C:\Program Files\Microchip\xc8\v2.32\pic\sources\c99\common\atoi.c
		_atoi          		CODE           	102D	0000	173

C:\Program Files\Microchip\xc8\v2.32\pic\sources\c99\common\atoi.c estimated size: 173

C:\Program Files\Microchip\xc8\v2.32\pic\sources\c99\common\fleq.c
		___fleq        		CODE           	1B4A	0000	79

C:\Program Files\Microchip\xc8\v2.32\pic\sources\c99\common\fleq.c estimated size: 79

C:\Program Files\Microchip\xc8\v2.32\pic\sources\c99\common\Umul16.c
		___wmul        		CODE           	1AC4	0000	32

C:\Program Files\Microchip\xc8\v2.32\pic\sources\c99\common\Umul16.c estimated size: 32

C:\Program Files\Microchip\xc8\v2.32\pic\sources\c99\common\isspace.c
		_isspace       		CODE           	1B04	0000	34

C:\Program Files\Microchip\xc8\v2.32\pic\sources\c99\common\isspace.c estimated size: 34

mcc_generated_files/i2c2_master.c
		_I2C2_Initialize		CODE           	1A01	0000	10

mcc_generated_files/i2c2_master.c estimated size: 10

shared
		__initialization		CODE           	001B	0000	64
		i1___flge      		CODE           	1C22	0000	139
		_i2c1_fsmStateTable		STRCODE        	2020	0000	32
		i1___xxtofl    		CODE           	1DC3	0000	172
		_i2c2_fsmStateTable		STRCODE        	2000	0000	32

shared estimated size: 439

mcc_generated_files/eusart1.c
		_EUSART1_is_rx_ready		CODE           	19A3	0000	5
		_EUSART1_Initialize		CODE           	1007	0000	38
		_EUSART1_SetFramingErrorHandler		CODE           	19B7	0000	9
		_EUSART1_Read  		CODE           	1A3C	0000	15
		_EUSART1_SetOverrunErrorHandler		CODE           	19C0	0000	9
		_EUSART1_SetErrorHandler		CODE           	19AE	0000	9
		_EUSART1_Write 		CODE           	1A0B	0000	10

mcc_generated_files/eusart1.c estimated size: 95

C:\Program Files\Microchip\xc8\v2.32\pic\sources\c99\common\sprcmul.c
		___flmul       		CODE           	0D7C	0000	644

C:\Program Files\Microchip\xc8\v2.32\pic\sources\c99\common\sprcmul.c estimated size: 644

mcc_generated_files/mcc.c
		_WDT_Initialize		CODE           	1997	0000	4
		_OSCILLATOR_Initialize		CODE           	0801	0000	7
		_SYSTEM_Initialize		CODE           	1A75	0000	25

mcc_generated_files/mcc.c estimated size: 36

C:\Program Files\Microchip\xc8\v2.32\pic\sources\c99\common\sprcdiv.c
		___fldiv       		CODE           	1288	0000	436

C:\Program Files\Microchip\xc8\v2.32\pic\sources\c99\common\sprcdiv.c estimated size: 436

C:\Program Files\Microchip\xc8\v2.32\pic\sources\c99\common\Umul8_16.c
		__Umul8_16     		CODE           	1B26	0000	36

C:\Program Files\Microchip\xc8\v2.32\pic\sources\c99\common\Umul8_16.c estimated size: 36

mcc_generated_files/tmr1.c
		_TMR1_Initialize		CODE           	1AA8	0000	28
		_TMR1_SetInterruptHandler		CODE           	19E4	0000	9
		_TMR1_DefaultInterruptHandler		CODE           	0003	0000	1
		_TMR1_CallBack 		CODE           	1A21	0000	13
		_TMR1_WriteTimer		CODE           	1A4B	0000	17
		_TMR1_ISR      		CODE           	1A2E	0000	14

mcc_generated_files/tmr1.c estimated size: 82

C:\Program Files\Microchip\xc8\v2.32\pic\sources\c99\common\fltol.c
		___fltol       		CODE           	1B99	0000	137

C:\Program Files\Microchip\xc8\v2.32\pic\sources\c99\common\fltol.c estimated size: 137

C:\Program Files\Microchip\xc8\v2.32\pic\sources\c99\common\xxtofl.c
		___xxtofl      		CODE           	1E6F	0000	173

C:\Program Files\Microchip\xc8\v2.32\pic\sources\c99\common\xxtofl.c estimated size: 173

main.c
		_ManualHandle  		CODE           	083A	0000	251
		_SetUpModeHalf_step		CODE           	19A8	0000	6
		_TimeLapseControl		CODE           	071F	0000	181
		_AutoLineControl		CODE           	0935	0000	527
		_main          		CODE           	1D38	0000	139
		_KE            		CODE           	1608	0000	504
		_TimeLapseHandle		CODE           	005F	0000	910
		_ManualControl 		CODE           	143C	0000	460
		_T1_ROBOT_ISR  		CODE           	1F1C	0000	228
		_AutoLineHandle		CODE           	10DA	0000	430
		_AutoCircleHandle		CODE           	03ED	0000	818

main.c estimated size: 4454

C:\Program Files\Microchip\xc8\v2.32\pic\sources\c99\common\strlen.c
		_strlen        		CODE           	1A8E	0000	26

C:\Program Files\Microchip\xc8\v2.32\pic\sources\c99\common\strlen.c estimated size: 26

C:\Program Files\Microchip\xc8\v2.32\pic\sources\c99\common\flge.c
		___flge        		CODE           	1CAD	0000	139

C:\Program Files\Microchip\xc8\v2.32\pic\sources\c99\common\flge.c estimated size: 139

